<html>
<body>
<pre>
<h1>µVision Build Log</h1>
<h2>Tool Versions:</h2>
IDE-Version: µVision V5.35.0.0
Copyright (C) 2021 ARM Ltd and ARM Germany GmbH. All rights reserved.
License Information: nguyen quang, spbstu, LIC=----
 
Tool Versions:
Toolchain:       MDK-Lite  Version: 5.35.0.2
Toolchain Path:  C:\Keil_v5\ARM\ARMCLANG\Bin
C Compiler:      ArmClang.exe V6.16
Assembler:       Armasm.exe V6.16
Linker/Locator:  ArmLink.exe V6.16
Library Manager: ArmAr.exe V6.16
Hex Converter:   FromElf.exe V6.16
CPU DLL:         SARMCM3.DLL V5.35.0.2
Dialog DLL:      DCM.DLL V1.17.3.0
Target DLL:      STLink\ST-LINKIII-KEIL_SWO.dll V3.0.9.0
Dialog DLL:      TCM.DLL V1.53.0.0
 
<h2>Project:</h2>
F:\QUANG\stm32\Register\stm32f4\quet ban phim so\quet ban phim.uvprojx
Project File Date:  01/12/2022

<h2>Output:</h2>
*** Using Compiler 'V6.16', folder: 'C:\Keil_v5\ARM\ARMCLANG\Bin'
Build target 'Target 1'
main.c(3): warning: no previous prototype for function 'delay' [-Wmissing-prototypes]
void delay(void)
     ^
main.c(3): note: declare 'static' if the function is not intended to be used outside of this translation unit
void delay(void)
^
static 
main.c(17): warning: implicit conversion changes signedness: 'int' to 'unsigned int' [-Wsign-conversion]
 *pGPIOAModeReg &= ~(0xFF);//clear
                ~~ ^~~~~~~
main.c(20): warning: implicit conversion changes signedness: 'int' to 'unsigned int' [-Wsign-conversion]
  *pGPIOAModeReg &= ~(3 << 26);
                 ~~ ^~~~~~~~~~
main.c(22): warning: signed shift result (0xFF000000) sets the sign bit of the shift expression's type ('int') and becomes negative [-Wshift-sign-overflow]
      *pPullupDownReg &= ~(0xFF << 24);
                           ~~~~ ^  ~~
main.c(29): warning: implicit conversion changes signedness: 'int' to 'unsigned int' [-Wsign-conversion]
          *pOutPutDataReg &= ~( 1 << 0);
                          ~~ ^~~~~~~~~~
main.c(58): warning: implicit conversion changes signedness: 'int' to 'unsigned int' [-Wsign-conversion]
          *pOutPutDataReg &= ~( 1 << 1);
                          ~~ ^~~~~~~~~~
main.c(87): warning: implicit conversion changes signedness: 'int' to 'unsigned int' [-Wsign-conversion]
          *pOutPutDataReg &= ~( 1 << 2);
                          ~~ ^~~~~~~~~~
main.c(116): warning: implicit conversion changes signedness: 'int' to 'unsigned int' [-Wsign-conversion]
          *pOutPutDataReg &= ~( 1 << 3);
                          ~~ ^~~~~~~~~~
main.c(143): warning: no newline at end of file [-Wnewline-eof]
}
 ^
9 warnings generated.
compiling main.c...
linking...
Program Size: Code=3580 RO-data=436 RW-data=12 ZI-data=1888  
".\Objects\quet ban phim.axf" - 0 Error(s), 9 Warning(s).

<h2>Software Packages used:</h2>

Package Vendor: ARM
                http://www.keil.com/pack/ARM.CMSIS.5.8.0.pack
                ARM.CMSIS.5.8.0
                CMSIS (Common Microcontroller Software Interface Standard)
   * Component: CORE Version: 5.5.0

Package Vendor: Keil
                http://www.keil.com/pack/Keil.STM32F4xx_DFP.2.15.0.pack
                Keil.STM32F4xx_DFP.2.15.0
                STMicroelectronics STM32F4 Series Device Support, Drivers and Examples
   * Component: Startup Version: 2.6.3

<h2>Collection of Component include folders:</h2>
  .\RTE\_Target_1
  C:\Users\nguye\AppData\Local\Arm\Packs\ARM\CMSIS\5.8.0\CMSIS\Core\Include
  C:\Users\nguye\AppData\Local\Arm\Packs\Keil\STM32F4xx_DFP\2.15.0\Drivers\CMSIS\Device\ST\STM32F4xx\Include

<h2>Collection of Component Files used:</h2>

   * Component: ARM::CMSIS:CORE:5.5.0

   * Component: Keil::Device:Startup:2.6.3
      Source file:   Drivers\CMSIS\Device\ST\STM32F4xx\Source\Templates\arm\startup_stm32f407xx.s
      Source file:   MDK\Device\Source\ARM\STM32F40xxx_41xxx_OPT.s
      Source file:   MDK\Device\Source\ARM\STM32F4xx_OTP.s
      Include file:  Drivers\CMSIS\Device\ST\STM32F4xx\Include\stm32f4xx.h
      Source file:   Drivers\CMSIS\Device\ST\STM32F4xx\Source\Templates\system_stm32f4xx.c
Build Time Elapsed:  00:00:00
</pre>
</body>
</html>
